%!Adobe-FontList 1.24
%Locale:0x404

%BeginFont
Handler:DirectoryHandler
FontType:TrueType
FontName:HanyiSentyPastel
FamilyName:HanyiSentyPastel
StyleName:Regular
FullName:HanyiSentyPastel
MenuName:HanyiSentyPastel
StyleBits:0
FamilyNameNative:汉仪新蒂油画棒
StyleNameNative:Regular
FullNameNative:汉仪新蒂油画棒 Regular
WritingScript:SimplifiedChinese
OutlineFileName:C:\Users\ze098\OneDrive\桌面\school\113-1\muti-socalmedia\mid-term\Font\HanyiSentyPastel.ttf
DataFormat:sfntData
hasSVG:no
hasCOLR:no
VariableFontType:NonVariableFont
FileLength:51048136
FileModTime:1730432790
WeightClass:400
WidthClass:5
AngleClass:0
NameArray:2,Win,1,漢儀新蒂油畫棒
NameArray:0,Win,1,HanyiSentyPastel
NameArray:25,Win,1,汉仪新蒂油画棒
%EndFont

%BeginFont
Handler:DirectoryHandler
FontType:TrueType
FontName:HanyiSentySeaSpray
FamilyName:HanyiSentySeaSpray
StyleName:Regular
FullName:HanyiSentySeaSpray
MenuName:HanyiSentySeaSpray
StyleBits:0
FamilyNameNative:汉仪新蒂浪花体
StyleNameNative:Regular
FullNameNative:汉仪新蒂浪花体
WritingScript:SimplifiedChinese
OutlineFileName:C:\Users\ze098\OneDrive\桌面\school\113-1\muti-socalmedia\mid-term\Font\HanyiSentySeaSpray.ttf
DataFormat:sfntData
hasSVG:no
hasCOLR:no
VariableFontType:NonVariableFont
FileLength:5863716
FileModTime:1730432829
WeightClass:400
WidthClass:5
AngleClass:0
NameArray:2,Win,1,漢儀新蒂浪花體
NameArray:0,Win,1,HanyiSentySeaSpray
NameArray:25,Win,1,汉仪新蒂浪花体
%EndFont

%BeginFont
Handler:DirectoryHandler
FontType:TrueType
FontName:HanyiSentySong
FamilyName:HanyiSentySong
StyleName:Regular
FullName:HanyiSentySong
MenuName:HanyiSentySong
StyleBits:0
FamilyNameNative:汉仪新蒂手写宋
StyleNameNative:Regular
FullNameNative:汉仪新蒂手写宋
WritingScript:SimplifiedChinese
OutlineFileName:C:\Users\ze098\OneDrive\桌面\school\113-1\muti-socalmedia\mid-term\Font\HanyiSentySong.ttf
DataFormat:sfntData
hasSVG:no
hasCOLR:no
VariableFontType:NonVariableFont
FileLength:7239120
FileModTime:1730433050
WeightClass:400
WidthClass:5
AngleClass:0
NameArray:2,Win,1,漢儀新蒂手寫宋
NameArray:0,Win,1,HanyiSentySong
NameArray:25,Win,1,汉仪新蒂手写宋
%EndFont

%BeginFont
Handler:DirectoryHandler
FontType:TrueType
FontName:SentySigua
FamilyName:SentySigua
StyleName:Regular
FullName:SentySigua
MenuName:SentySigua
StyleBits:0
FamilyNameNative:新蒂丝瓜体
StyleNameNative:Regular
FullNameNative:新蒂丝瓜体
WritingScript:SimplifiedChinese
OutlineFileName:C:\Users\ze098\OneDrive\桌面\school\113-1\muti-socalmedia\mid-term\Font\SentySigua.ttf
DataFormat:sfntData
hasSVG:no
hasCOLR:no
VariableFontType:NonVariableFont
FileLength:37136684
FileModTime:1730432820
WeightClass:400
WidthClass:5
AngleClass:0
NameArray:2,Win,1,新蒂絲瓜體
NameArray:0,Win,1,SentySigua
NameArray:25,Win,1,新蒂丝瓜体
%EndFont

